// Jest Snapshot v1, https://goo.gl/fbAQLP

exports[`Testing <CounterApp /> App Component Load <CounterApp /> correctly 1`] = `
<Fragment>
  <h1>
    CounterApp
  </h1>
  <h2>
    10
  </h2>
  <button
    className="counter-button"
    onClick={[Function]}
  >
    +1
  </button>
  <button
    className="counter-button"
    onClick={[Function]}
  >
    Reset
  </button>
  <button
    className="counter-button"
    onClick={[Function]}
  >
    -1
  </button>
</Fragment>
`;
